// Jest Snapshot v1, https://goo.gl/fbAQLP

exports[`renders correctly 1`] = `
<Fragment>
  <div
    className="button"
  >
    <h1>
      History
    </h1>
  </div>
  <div>
    <p
      className="button"
    >
      No recent history
    </p>
  </div>
</Fragment>
`;
